
> canvas@1.0.0-rc.1 test
> node --experimental-strip-types --test tests/unit/*.test.ts

TAP version 13
# (node:1803) ExperimentalWarning: Type Stripping is an experimental feature and might change at any time
# (Use `node --trace-warnings ...` to show where the warning was created)
# (node:1803) ExperimentalWarning: SQLite is an experimental feature and might change at any time
# Subtest: real SQLite gzip backup persists after every connection closes
ok 1 - real SQLite gzip backup persists after every connection closes
  ---
  duration_ms: 18.293057
  type: 'test'
  ...
# Subtest: multi-row binary backup chunks reassemble without loss
ok 2 - multi-row binary backup chunks reassemble without loss
  ---
  duration_ms: 82.401436
  type: 'test'
  ...
# Subtest: corrupted backup fails integrity checks instead of restoring garbage
ok 3 - corrupted backup fails integrity checks instead of restoring garbage
  ---
  duration_ms: 9.26297
  type: 'test'
  ...
# Subtest: partial backup write rolls back atomically in SQLite
ok 4 - partial backup write rolls back atomically in SQLite
  ---
  duration_ms: 4.917352
  type: 'test'
  ...
# Subtest: automatic snapshots deduplicate clocks and rotate recent history
ok 5 - automatic snapshots deduplicate clocks and rotate recent history
  ---
  duration_ms: 47.726035
  type: 'test'
  ...
# Subtest: retention caps daily, manual and emergency history and byte budget
ok 6 - retention caps daily, manual and emergency history and byte budget
  ---
  duration_ms: 0.401293
  type: 'test'
  ...
# (node:1804) ExperimentalWarning: Type Stripping is an experimental feature and might change at any time
# (Use `node --trace-warnings ...` to show where the warning was created)
# Subtest: anonymous identity persists locally and color is deterministic
ok 7 - anonymous identity persists locally and color is deterministic
  ---
  duration_ms: 1.599673
  type: 'test'
  ...
# Subtest: corrupt local identity safely regenerates, without a login flow
ok 8 - corrupt local identity safely regenerates, without a login flow
  ---
  duration_ms: 0.183731
  type: 'test'
  ...
# Subtest: names are bounded and sanitized, not authenticated
ok 9 - names are bounded and sanitized, not authenticated
  ---
  duration_ms: 0.130443
  type: 'test'
  ...
# Subtest: unavailable browser storage does not prevent use
ok 10 - unavailable browser storage does not prevent use
  ---
  duration_ms: 0.195189
  type: 'test'
  ...
# Subtest: theme preference defaults to system and rejects malformed values
ok 11 - theme preference defaults to system and rejects malformed values
  ---
  duration_ms: 0.153516
  type: 'test'
  ...
# Subtest: local config works with no license and creates the single world WS URL
ok 12 - local config works with no license and creates the single world WS URL
  ---
  duration_ms: 0.215799
  type: 'test'
  ...
# Subtest: production configuration requires a key and secure backend
ok 13 - production configuration requires a key and secure backend
  ---
  duration_ms: 0.4064
  type: 'test'
  ...
# Subtest: configuration rejects URL credentials, paths and malformed origins
ok 14 - configuration rejects URL credentials, paths and malformed origins
  ---
  duration_ms: 0.191073
  type: 'test'
  ...
# Subtest: Pages base path supports repository and custom-domain roots
ok 15 - Pages base path supports repository and custom-domain roots
  ---
  duration_ms: 0.4397
  type: 'test'
  ...
# (node:1805) ExperimentalWarning: Type Stripping is an experimental feature and might change at any time
# (Use `node --trace-warnings ...` to show where the warning was created)
# Subtest: only finite, bounded plain JSON crosses the network boundary
ok 16 - only finite, bounded plain JSON crosses the network boundary
  ---
  duration_ms: 1.595397
  type: 'test'
  ...
# Subtest: all allowed vector types pass and all media types fail
ok 17 - all allowed vector types pass and all media types fail
  ---
  duration_ms: 2.080743
  type: 'test'
  ...
# Subtest: one page, no arbitrary metadata, safe coordinate bounds
ok 18 - one page, no arbitrary metadata, safe coordinate bounds
  ---
  duration_ms: 0.33857
  type: 'test'
  ...
# Subtest: unsafe links and oversized rich text are rejected
ok 19 - unsafe links and oversized rich text are rejected
  ---
  duration_ms: 0.328655
  type: 'test'
  ...
# Subtest: world validation rejects duplicate IDs, cycles and missing parents
ok 20 - world validation rejects duplicate IDs, cycles and missing parents
  ---
  duration_ms: 0.90055
  type: 'test'
  ...
# Subtest: nested frames remain part of exactly one valid world
ok 21 - nested frames remain part of exactly one valid world
  ---
  duration_ms: 0.236429
  type: 'test'
  ...
# Subtest: backup format round-trips and incompatible engine versions fail closed
ok 22 - backup format round-trips and incompatible engine versions fail closed
  ---
  duration_ms: 1.907086
  type: 'test'
  ...
# Subtest: bitmap, file and oversized paste are blocked while text works
ok 23 - bitmap, file and oversized paste are blocked while text works
  ---
  duration_ms: 0.214046
  type: 'test'
  ...
# Subtest: pre-delete recovery reconstructs deleted, updated and newly created records correctly
ok 24 - pre-delete recovery reconstructs deleted, updated and newly created records correctly
  ---
  duration_ms: 10.254254
  type: 'test'
  ...
# (node:1836) ExperimentalWarning: Type Stripping is an experimental feature and might change at any time
# (Use `node --trace-warnings ...` to show where the warning was created)
# Subtest: proper origin matching is exact, not a suffix check
ok 25 - proper origin matching is exact, not a suffix check
  ---
  duration_ms: 26.057814
  type: 'test'
  ...
# Subtest: CORS does not expose credentials or wildcard access
ok 26 - CORS does not expose credentials or wildcard access
  ---
  duration_ms: 0.739733
  type: 'test'
  ...
# Subtest: protocol frame guard accepts complete and ordered chunked messages
ok 27 - protocol frame guard accepts complete and ordered chunked messages
  ---
  duration_ms: 1.01567
  type: 'test'
  ...
# Subtest: frame guard rejects binary, malformed, out of order and stale chunks
ok 28 - frame guard rejects binary, malformed, out of order and stale chunks
  ---
  duration_ms: 0.637221
  type: 'test'
  ...
# Subtest: size limits count UTF-8 bytes and bound multi-frame accumulation
ok 29 - size limits count UTF-8 bytes and bound multi-frame accumulation
  ---
  duration_ms: 9.696801
  type: 'test'
  ...
# Subtest: token bucket allows ordinary activity, blocks floods, and refills after idle
ok 30 - token bucket allows ordinary activity, blocks floods, and refills after idle
  ---
  duration_ms: 0.528741
  type: 'test'
  ...
# Subtest: admin tokens fail closed when missing, too short or incorrect
ok 31 - admin tokens fail closed when missing, too short or incorrect
  ---
  duration_ms: 7.769865
  type: 'test'
  ...
# Subtest: request reader enforces byte limits without trusting Content-Length
ok 32 - request reader enforces byte limits without trusting Content-Length
  ---
  duration_ms: 5.3561
  type: 'test'
  ...
# Subtest: world byte budget accounts for updates/deletes and rejects growth before commit
ok 33 - world byte budget accounts for updates/deletes and rejects growth before commit
  ---
  duration_ms: 53.170671
  type: 'test'
  ...
1..33
# tests 33
# suites 0
# pass 33
# fail 0
# cancelled 0
# skipped 0
# todo 0
# duration_ms 353.679614
